// Jest Snapshot v1, https://goo.gl/fbAQLP

exports[`webpackbar logUpdate 1`] = `
[MockFunction] {
  "calls": Array [
    Array [
      "
[44m[30mBUILDING[39m[49m

[38;5;undefinedm‚óè[39m [38;5;undefinedmTest 1[39m [38;5;undefinedm‚ñà[39m[38;5;undefinedm‚ñà[39m[38;5;undefinedm‚ñà[39m[37m‚ñà[39m[37m‚ñà[39m[37m‚ñà[39m[37m‚ñà[39m[37m‚ñà[39m[37m‚ñà[39m[37m‚ñà[39m[37m‚ñà[39m[37m‚ñà[39m[37m‚ñà[39m[37m‚ñà[39m[37m‚ñà[39m[37m‚ñà[39m[37m‚ñà[39m[37m‚ñà[39m[37m‚ñà[39m[37m‚ñà[39m[37m‚ñà[39m[37m‚ñà[39m[37m‚ñà[39m[37m‚ñà[39m[37m‚ñà[39m Building Modules (10%) [90m0/1 modules[39m [90m1 active[39m
[90m  test/fixtures/basic/index.js[39m",
    ],
    Array [
      "
[44m[30mBUILDING[39m[49m

[38;5;undefinedm‚óè[39m [38;5;undefinedmTest 1[39m [38;5;undefinedm‚ñà[39m[38;5;undefinedm‚ñà[39m[38;5;undefinedm‚ñà[39m[37m‚ñà[39m[37m‚ñà[39m[37m‚ñà[39m[37m‚ñà[39m[37m‚ñà[39m[37m‚ñà[39m[37m‚ñà[39m[37m‚ñà[39m[37m‚ñà[39m[37m‚ñà[39m[37m‚ñà[39m[37m‚ñà[39m[37m‚ñà[39m[37m‚ñà[39m[37m‚ñà[39m[37m‚ñà[39m[37m‚ñà[39m[37m‚ñà[39m[37m‚ñà[39m[37m‚ñà[39m[37m‚ñà[39m[37m‚ñà[39m Building Modules (10%) [90m2/2 modules[39m [90m0 active[39m
",
    ],
    Array [
      "
[44m[30mBUILDING[39m[49m

[38;5;undefinedm‚óè[39m [38;5;undefinedmTest 1[39m [38;5;undefinedm‚ñà[39m[38;5;undefinedm‚ñà[39m[38;5;undefinedm‚ñà[39m[37m‚ñà[39m[37m‚ñà[39m[37m‚ñà[39m[37m‚ñà[39m[37m‚ñà[39m[37m‚ñà[39m[37m‚ñà[39m[37m‚ñà[39m[37m‚ñà[39m[37m‚ñà[39m[37m‚ñà[39m[37m‚ñà[39m[37m‚ñà[39m[37m‚ñà[39m[37m‚ñà[39m[37m‚ñà[39m[37m‚ñà[39m[37m‚ñà[39m[37m‚ñà[39m[37m‚ñà[39m[37m‚ñà[39m[37m‚ñà[39m Building Modules (10%) [90m4/4 modules[39m [90m0 active[39m
",
    ],
    Array [
      "
[44m[30mBUILDING[39m[49m

[38;5;undefinedm‚óè[39m [38;5;undefinedmTest 1[39m [38;5;undefinedm‚ñà[39m[38;5;undefinedm‚ñà[39m[38;5;undefinedm‚ñà[39m[37m‚ñà[39m[37m‚ñà[39m[37m‚ñà[39m[37m‚ñà[39m[37m‚ñà[39m[37m‚ñà[39m[37m‚ñà[39m[37m‚ñà[39m[37m‚ñà[39m[37m‚ñà[39m[37m‚ñà[39m[37m‚ñà[39m[37m‚ñà[39m[37m‚ñà[39m[37m‚ñà[39m[37m‚ñà[39m[37m‚ñà[39m[37m‚ñà[39m[37m‚ñà[39m[37m‚ñà[39m[37m‚ñà[39m[37m‚ñà[39m Building Modules (11%) [90m9/11 modules[39m [90m2 active[39m
[90m  node_modules/color-convert/route.js[39m",
    ],
    Array [
      "
[44m[30mBUILDING[39m[49m

[38;5;undefinedm‚óè[39m [38;5;undefinedmTest 1[39m [38;5;undefinedm‚ñà[39m[38;5;undefinedm‚ñà[39m[38;5;undefinedm‚ñà[39m[37m‚ñà[39m[37m‚ñà[39m[37m‚ñà[39m[37m‚ñà[39m[37m‚ñà[39m[37m‚ñà[39m[37m‚ñà[39m[37m‚ñà[39m[37m‚ñà[39m[37m‚ñà[39m[37m‚ñà[39m[37m‚ñà[39m[37m‚ñà[39m[37m‚ñà[39m[37m‚ñà[39m[37m‚ñà[39m[37m‚ñà[39m[37m‚ñà[39m[37m‚ñà[39m[37m‚ñà[39m[37m‚ñà[39m[37m‚ñà[39m Building Modules (11%) [90m10/11 modules[39m [90m1 active[39m
[90m  node_modules/color-convert/route.js[39m",
    ],
    Array [
      "
[44m[30mBUILDING[39m[49m

[38;5;undefinedm‚óè[39m [38;5;undefinedmTest 1[39m [38;5;undefinedm‚ñà[39m[38;5;undefinedm‚ñà[39m[38;5;undefinedm‚ñà[39m[38;5;undefinedm‚ñà[39m[38;5;undefinedm‚ñà[39m[38;5;undefinedm‚ñà[39m[38;5;undefinedm‚ñà[39m[38;5;undefinedm‚ñà[39m[38;5;undefinedm‚ñà[39m[38;5;undefinedm‚ñà[39m[38;5;undefinedm‚ñà[39m[38;5;undefinedm‚ñà[39m[38;5;undefinedm‚ñà[39m[38;5;undefinedm‚ñà[39m[38;5;undefinedm‚ñà[39m[38;5;undefinedm‚ñà[39m[38;5;undefinedm‚ñà[39m[38;5;undefinedm‚ñà[39m[38;5;undefinedm‚ñà[39m[38;5;undefinedm‚ñà[39m[38;5;undefinedm‚ñà[39m[37m‚ñà[39m[37m‚ñà[39m[37m‚ñà[39m[37m‚ñà[39m Advanced Module Order Optimization (81%)  
",
    ],
    Array [
      "
[44m[30mBUILDING[39m[49m

[38;5;undefinedm‚óè[39m [38;5;undefinedmTest 1[39m [38;5;undefinedm‚ñà[39m[38;5;undefinedm‚ñà[39m[38;5;undefinedm‚ñà[39m[38;5;undefinedm‚ñà[39m[38;5;undefinedm‚ñà[39m[38;5;undefinedm‚ñà[39m[38;5;undefinedm‚ñà[39m[38;5;undefinedm‚ñà[39m[38;5;undefinedm‚ñà[39m[38;5;undefinedm‚ñà[39m[38;5;undefinedm‚ñà[39m[38;5;undefinedm‚ñà[39m[38;5;undefinedm‚ñà[39m[38;5;undefinedm‚ñà[39m[38;5;undefinedm‚ñà[39m[38;5;undefinedm‚ñà[39m[38;5;undefinedm‚ñà[39m[38;5;undefinedm‚ñà[39m[38;5;undefinedm‚ñà[39m[38;5;undefinedm‚ñà[39m[38;5;undefinedm‚ñà[39m[38;5;undefinedm‚ñà[39m[38;5;undefinedm‚ñà[39m[37m‚ñà[39m[37m‚ñà[39m Additional Chunk Assets Processing (90%)  
",
    ],
    Array [
      "
[44m[30mBUILDING[39m[49m

[38;5;undefinedm‚óè[39m [38;5;undefinedmTest 1[39m [38;5;undefinedm‚ñà[39m[38;5;undefinedm‚ñà[39m[38;5;undefinedm‚ñà[39m[38;5;undefinedm‚ñà[39m[38;5;undefinedm‚ñà[39m[38;5;undefinedm‚ñà[39m[38;5;undefinedm‚ñà[39m[38;5;undefinedm‚ñà[39m[38;5;undefinedm‚ñà[39m[38;5;undefinedm‚ñà[39m[38;5;undefinedm‚ñà[39m[38;5;undefinedm‚ñà[39m[38;5;undefinedm‚ñà[39m[38;5;undefinedm‚ñà[39m[38;5;undefinedm‚ñà[39m[38;5;undefinedm‚ñà[39m[38;5;undefinedm‚ñà[39m[38;5;undefinedm‚ñà[39m[38;5;undefinedm‚ñà[39m[38;5;undefinedm‚ñà[39m[38;5;undefinedm‚ñà[39m[38;5;undefinedm‚ñà[39m[38;5;undefinedm‚ñà[39m[37m‚ñà[39m[37m‚ñà[39m Chunk Asset Optimization (92%) [90mUglifyJSPlugin[39m 
",
    ],
    Array [
      "
[44m[30mBUILDING[39m[49m

[38;5;undefinedm‚óè[39m [38;5;undefinedmTest 1[39m [38;5;undefinedm‚ñà[39m[38;5;undefinedm‚ñà[39m[38;5;undefinedm‚ñà[39m[38;5;undefinedm‚ñà[39m[38;5;undefinedm‚ñà[39m[38;5;undefinedm‚ñà[39m[38;5;undefinedm‚ñà[39m[38;5;undefinedm‚ñà[39m[38;5;undefinedm‚ñà[39m[38;5;undefinedm‚ñà[39m[38;5;undefinedm‚ñà[39m[38;5;undefinedm‚ñà[39m[38;5;undefinedm‚ñà[39m[38;5;undefinedm‚ñà[39m[38;5;undefinedm‚ñà[39m[38;5;undefinedm‚ñà[39m[38;5;undefinedm‚ñà[39m[38;5;undefinedm‚ñà[39m[38;5;undefinedm‚ñà[39m[38;5;undefinedm‚ñà[39m[38;5;undefinedm‚ñà[39m[38;5;undefinedm‚ñà[39m[38;5;undefinedm‚ñà[39m[37m‚ñà[39m[37m‚ñà[39m After Chunk Asset Optimization (92%)  
",
    ],
    Array [
      "
[44m[30mBUILDING[39m[49m

[38;5;undefinedm‚óè[39m [38;5;undefinedmTest 1[39m [38;5;undefinedm‚ñà[39m[38;5;undefinedm‚ñà[39m[38;5;undefinedm‚ñà[39m[38;5;undefinedm‚ñà[39m[38;5;undefinedm‚ñà[39m[38;5;undefinedm‚ñà[39m[38;5;undefinedm‚ñà[39m[38;5;undefinedm‚ñà[39m[38;5;undefinedm‚ñà[39m[38;5;undefinedm‚ñà[39m[38;5;undefinedm‚ñà[39m[38;5;undefinedm‚ñà[39m[38;5;undefinedm‚ñà[39m[38;5;undefinedm‚ñà[39m[38;5;undefinedm‚ñà[39m[38;5;undefinedm‚ñà[39m[38;5;undefinedm‚ñà[39m[38;5;undefinedm‚ñà[39m[38;5;undefinedm‚ñà[39m[38;5;undefinedm‚ñà[39m[38;5;undefinedm‚ñà[39m[38;5;undefinedm‚ñà[39m[38;5;undefinedm‚ñà[39m[37m‚ñà[39m[37m‚ñà[39m After Chunk Asset Optimization (92%) [90mSourceMapDevToolPlugin[39m [90mresolve sources[39m
",
    ],
  ],
}
`;

exports[`webpackbar logUpdate.clear 1`] = `[Function]`;

exports[`webpackbar logUpdate.done 1`] = `[Function]`;

exports[`webpackbar logUpdate.render 1`] = `[Function]`;
